// Jest Snapshot v1, https://goo.gl/fbAQLP

exports[`lib publishSchemas 1`] = `
Object {
  "BasicProfile": "ceramic://bagcqcerapv4bfygvypryomvd7obbq3hbnsteaiw3orup3w4fcpn6ks6vyvhq",
  "Definition": "ceramic://bagcqcerankslexgx46whe6ip3yahhvu2fzfpymzmm7t654rmsgxdoj6gkfkq",
  "DocIdDocIdMap": "ceramic://bagcqceraa5nkphnxoxhrcumgt6fzgbxlaqa7bozahvjjwaeqiobrpf4xnffq",
  "DocIdMap": "ceramic://bagcqceralo42xceq4slyjnpnkbabmwd2zmwr32n5q4tgxyisj2cr43rkee5q",
  "IdentityIndex": "ceramic://bagcqcera22ft5iynqirjadxy3nickh3nzqin7cxkdb52ep56tu6oiaa52gbq",
  "StringMap": "ceramic://bagcqceram6vsqlibfwtik5dbokmw2pwjg5m7lquc4pjrfcc5zqfyjqmb5sta",
}
`;
